// Jest Snapshot v1, https://goo.gl/fbAQLP

exports[`pruebas FirstApp should match with snapshot 1`] = `
<div>
  <h1
    data-testid="test-title"
  >
    hi im gok√∫
  </h1>
  <p>
    no hay
  </p>
  <p>
    no hay
  </p>
  <p>
    xd
  </p>
</div>
`;
